// Jest Snapshot v1, https://goo.gl/fbAQLP

exports[`snapshot matches 1`] = `
<div>
  <form
    onSubmit={[Function]}
  >
    <label
      htmlFor="width"
    >
       Width: 
    </label>
    <input
      name="width"
      onChange={[Function]}
      type="number"
      value=""
    />
    <label
      htmlFor="height"
    >
       Height: 
    </label>
    <input
      name="height"
      onChange={[Function]}
      type="number"
      value=""
    />
    <label
      htmlFor="backgroundColor"
    >
       Background Color: 
    </label>
    <input
      name="backgroundColor"
      onChange={[Function]}
      type="color"
      value="#000000"
    />
    <button>
      Add Box!!!!!
    </button>
  </form>
</div>
`;
